// Jest Snapshot v1, https://goo.gl/fbAQLP

exports[`koa/api-test/actions/All should create koa Index(All) action test 1`] = `
"test('index should list user', async (t) => {
  const {request} = t.context

  // mock jwks
  const token = createToken(privateKey, '123', currentUser)
  jwksEndpoint('http://localhost', [{pub: publicKey, kid: '123'}])

  const response = await request
    .get('/api/users')
    .set('Authorization', \`Bearer \${token}\`)

  t.is(response.status, 200)
  t.deepEqual(response.body.length, 3)
  t.deepEqual(response.body, [2054, 62371, 41854])
})
"
`;
