// Jest Snapshot v1, https://goo.gl/fbAQLP

exports[`koa/api/actions/Base should create koa action 1`] = `
"user.post('/', async (ctx) => {
  const {User} = ctx.state.models
})
"
`;
