// Jest Snapshot v1, https://goo.gl/fbAQLP

exports[`react-dnd/withDragDropContext should create withDragDropContext for react-dnd 1`] = `
"import {DragDropContext} from 'react-dnd'
import HTML5Backend from 'react-dnd-html5-backend'

export default DragDropContext(HTML5Backend)
"
`;
