// Jest Snapshot v1, https://goo.gl/fbAQLP

exports[`axios/api/index should create axios Api index 1`] = `
"import channel from './channel'
import article from './article'
import comment from './comment'
import attachment from './attachment'
import tag from './tag'
import user from './user'

export default {
  channel,
  article,
  comment,
  attachment,
  tag,
  user
}
"
`;
