// Jest Snapshot v1, https://goo.gl/fbAQLP

exports[`koa/api/middlewares/Models should create koa Models 1`] = `
"import models from 'src/api/model'

export default (ctx, next) => {
  // expose Objection.js models to context.
  ctx.state.models = models
  return next()
}
"
`;
