// Jest Snapshot v1, https://goo.gl/fbAQLP

exports[`knex/Seed should create knex seed 1`] = `
"exports.seed = async (knex) => {
  // Deletes ALL and insert entries.
  await knex('users').del()

  // https://github.com/tgriesser/knex/issues/54
  await knex('users').insert([
    {
      id: 54551,
      auth0Id: '4be76d72-37c6-4af4-9b6d-5cf3cb62d63a',
      locale: 'en_au_ocker',
      nickname: 'Juana5',
      status: 'New Israeli Sheqel',
      avatar:
        'https://s3.amazonaws.com/uifaces/faces/twitter/devankoshal/128.jpg'
    },
    {
      id: 15599,
      auth0Id: 'e5ad378c-913f-4366-bb72-507428a10360',
      locale: 'en_BORK',
      nickname: 'Shanel.Barton',
      status: 'web-enabled',
      avatar:
        'https://s3.amazonaws.com/uifaces/faces/twitter/antongenkin/128.jpg'
    },
    {
      id: 34490,
      auth0Id: 'c5d5096e-8b5e-4c16-9cc6-f15cf8fdcef5',
      locale: 'en_au_ocker',
      nickname: 'Marisol66',
      status: 'Mobility Missouri Administrator',
      avatar: 'https://s3.amazonaws.com/uifaces/faces/twitter/dgajjar/128.jpg'
    }
  ])
}
"
`;

exports[`knex/Seed should create knex seed for channel 1`] = `
"exports.seed = async (knex) => {
  // Deletes ALL and insert entries.
  await knex('channels').del()

  // https://github.com/tgriesser/knex/issues/54
  await knex('channels').insert([
    {id: 68264, name: 'convergence Administrator Clothing'},
    {id: 36069, name: 'Baby Lead solutions'},
    {id: 63669, name: 'functionalities'}
  ])
}
"
`;

exports[`knex/Seed should create knex seed for comment 1`] = `
"exports.seed = async (knex) => {
  // Deletes ALL and insert entries.
  await knex('comments').del()

  // https://github.com/tgriesser/knex/issues/54
  await knex('comments').insert([
    {
      id: 57447,
      text:
        'Ut amet molestiae aliquam numquam ad ut et. Et ut perspiciatis fugiat expedita fuga hic odio. Ducimus cumque aut harum in perferendis veritatis tempora aut. Facilis officia sed. Eum excepturi officia ipsum sunt voluptatem eius. Rerum qui doloremque ex velit porro animi odio saepe sunt.',
      channelId: 68264,
      commentedById: 54551,
      attachmentId: '28d15c5a-a70c-48e4-9772-bc910f421907'
    },
    {
      id: 33984,
      text:
        'Id optio rem culpa minus. Nostrum aut et. Aliquam repellat est reprehenderit.',
      channelId: 36069,
      commentedById: 15599,
      attachmentId: 'abfbc020-04b2-4d70-a1ed-aa85e702e181'
    },
    {
      id: 46230,
      text:
        'Facilis cupiditate quo nemo hic. Rem nesciunt aliquid aut qui architecto saepe enim laborum. Quia dolor consequuntur et dolorem tenetur totam nisi asperiores.',
      channelId: 63669,
      commentedById: 34490,
      attachmentId: '62fc4caf-224d-4658-949e-b68307f974d2'
    }
  ])
}
"
`;

exports[`knex/Seed should create knex seed for junction table 1`] = `
"exports.seed = async (knex) => {
  // Deletes ALL and insert entries.
  await knex('articles_tags').del()

  // https://github.com/tgriesser/knex/issues/54
  await knex('articles_tags').insert([
    {id: 48239, articleId: 52697, tagId: 82337},
    {id: 52023, articleId: 14400, tagId: 43149},
    {id: 37083, articleId: 29655, tagId: 3838}
  ])
}
"
`;
